// Jest Snapshot v1, https://goo.gl/fbAQLP

exports[`App component expect to render App component 1`] = `
<div
  className="bg-gray-800 text-white min-h-screen"
>
  <div
    className="mx-auto w-1/3"
  >
    <h1
      className="uppercase text-2xl block font-bold py-6 text-gray-400 tracking-widest text-center"
    >
      Todo List
    </h1>
    <InputField
      addTask={[Function]}
      handleInputChange={[Function]}
    />
    <Display
      tasks={Array []}
    />
    <ControlPanel
      clearDisplay={[Function]}
      filterTasksArray={[Function]}
    />
  </div>
</div>
`;
