// Jest Snapshot v1, https://goo.gl/fbAQLP

exports[`ControlPanel component expect to render ControlPanel component 1`] = `
<div
  className="flex py-4 border-t border-gray-900 justify-between"
>
  <div>
    <button
      className="text-xs mr-3 hover:underline text-gray-500 focus:outline-none"
      id="all"
      onClick={[Function]}
    >
      ALL
    </button>
    <button
      className="text-xs mr-3 hover:underline text-gray-500 focus:outline-none text-green-500 font-bold"
      id="active"
      onClick={[Function]}
    >
      ACTIVE
    </button>
  </div>
  <div>
    <button
      className="text-xs mr-3 text-red-500 focus:outline-none hover:underline"
      id="clear"
    >
      CLEAR
    </button>
  </div>
</div>
`;
