// Jest Snapshot v1, https://goo.gl/fbAQLP

exports[`Task component expect to render Task component 1`] = `
<li
  className="m-1 p-5 cursor-pointer border-l-8 border-green-400 text-white"
  id="task"
/>
`;
